[09:30:52 +    0.00s] hub -> True
[09:30:52 +    0.00s] phase -> 5
[09:30:52 +    0.00s] ins -> 0x7ff3fc27e380
[09:30:52 +    0.00s] no_dead -> 193
[09:30:52 +    0.00s] hp None -> 240 / 240
[09:30:52 +    0.00s] anim None -> 20100
[09:30:56 +    3.38s] anim 20100 -> 27100
[09:30:57 +    4.19s] anim 27100 -> 22100
[09:30:57 +    4.40s] anim 22100 -> 20000
[09:30:57 +    4.45s] anim 20000 -> 20100
[09:30:57 +    4.70s] anim 20100 -> 20000
[09:30:57 +    4.75s] anim 20000 -> 22100
[09:30:58 +    5.96s] anim 22100 -> 0
[09:30:59 +    6.97s] anim 0 -> 20100
[09:31:00 +    7.42s] anim 20100 -> 22100
[09:31:01 +    8.69s] anim 22100 -> 0
[09:31:05 +   12.93s] anim 0 -> 20100
[09:31:06 +   14.04s] anim 20100 -> 27100
[09:31:07 +   14.85s] anim 27100 -> 20100
[09:31:08 +   15.40s] anim 20100 -> 20310
[09:31:08 +   15.91s] anim 20310 -> 20300
[09:31:12 +   19.80s] anim 20300 -> 29242
[09:31:13 +   20.50s] anim 29242 -> 2029252
[09:31:13 +   20.55s] anim 2029252 -> 2020300
[09:31:15 +   22.72s] anim 2020300 -> 2020000
[09:31:15 +   22.83s] anim 2020000 -> 2022300
[09:31:16 +   23.23s] anim 2022300 -> 2020100
[09:31:16 +   23.38s] anim 2020100 -> 2020000
[09:31:16 +   23.48s] anim 2020000 -> 2000000
[09:31:17 +   24.44s] anim 2000000 -> 2020100
[09:31:17 +   24.54s] anim 2020100 -> 2022100
[09:31:17 +   24.69s] anim 2022100 -> 2000000
[09:31:17 +   24.74s] anim 2000000 -> 2020100
[09:31:17 +   25.00s] anim 2020100 -> 2020000
[09:31:17 +   25.10s] anim 2020000 -> 2000000
[09:31:18 +   25.81s] anim 2000000 -> 2020100
[09:31:18 +   26.06s] anim 2020100 -> 2020000
[09:31:18 +   26.11s] anim 2020000 -> 2000000
[09:31:20 +   27.37s] hp 240 -> 181 / 240
[09:31:20 +   27.42s] no_dead -> 192
[09:31:20 +   27.42s] anim 2000000 -> 5100
[09:31:20 +   28.18s] hp 181 -> 109 / 240
[09:31:21 +   28.23s] anim 5100 -> 5201
[09:31:23 +   30.45s] anim 5201 -> 2000000
[09:31:24 +   31.56s] anim 2000000 -> 2020100
[09:31:24 +   32.17s] anim 2020100 -> 2022100
[09:31:25 +   32.47s] hp 109 -> 50 / 240
[09:31:25 +   32.52s] anim 2022100 -> 5201
[09:31:26 +   33.83s] hp 50 -> 1 / 240
[09:31:26 +   33.88s] anim 5201 -> 5200
[09:31:28 +   35.40s] anim 5200 -> 2020100
[09:31:28 +   35.90s] anim 2020100 -> 2020000
[09:31:28 +   35.95s] anim 2020000 -> 2022100
[09:31:28 +   36.16s] anim 2022100 -> 2020100
[09:31:29 +   36.56s] anim 2020100 -> 2022100
[09:31:30 +   37.52s] anim 2022100 -> 5100
[09:31:31 +   38.33s] anim 5100 -> 5201
[09:31:32 +   39.54s] anim 5201 -> 2020100
[09:31:36 +   43.62s] anim 2020100 -> 2020310
[09:31:36 +   44.13s] anim 2020310 -> 2020300
[09:31:37 +   45.04s] no_dead -> 193
[09:31:39 +   46.45s] anim 2020300 -> 2029202
[09:31:39 +   47.16s] anim 2029202 -> 29212
[09:31:40 +   47.31s] anim 29212 -> 20300
[09:31:44 +   51.19s] anim 20300 -> 20000
[09:31:44 +   51.24s] anim 20000 -> 22300
[09:31:45 +   52.56s] anim 22300 -> 9
[09:31:45 +   52.61s] anim 9 -> 22300
[09:31:46 +   53.26s] anim 22300 -> 0
[09:31:57 +   64.93s] anim 0 -> 9
[09:31:57 +   64.98s] anim 9 -> 0
[09:32:06 +   73.46s] hp 1 -> 240 / 240
[09:32:06 +   73.51s] anim 0 -> 2000000
[09:32:34 +  101.26s] ins -> 0
[09:32:34 +  101.26s] no_dead -> None
[09:32:34 +  101.26s] hp 240 -> None / None
[09:32:34 +  101.26s] anim 2000000 -> None
[09:32:34 +  101.46s] ins -> None
[09:32:34 +  101.51s] ins -> 0
[09:32:34 +  101.61s] hub -> False
[09:32:35 +  102.92s] ins -> 0x7ff3fac59ba0
[09:32:35 +  102.92s] no_dead -> 0
[09:32:35 +  102.92s] hp None -> 240 / 240
[09:32:35 +  102.92s] anim None -> -1
[09:32:37 +  104.84s] anim -1 -> 2000000
[09:32:38 +  105.39s] phase -> 0
[09:32:38 +  105.39s] no_dead -> 1
[09:32:38 +  105.60s] anim 2000000 -> 2004050
[09:32:38 +  105.90s] anim 2004050 -> 69305
[09:32:41 +  108.58s] anim 69305 -> 69315
[09:32:50 +  117.77s] anim 69315 -> 69400
[09:32:53 +  120.90s] anim 69400 -> 69410
[09:32:53 +  121.10s] anim 69410 -> 202185
[09:32:54 +  121.86s] anim 202185 -> 2020300
[09:32:54 +  122.01s] anim 2020300 -> 2020100
[09:32:55 +  122.52s] anim 2020100 -> 2020310
[09:32:55 +  123.02s] anim 2020310 -> 2020300
[09:32:57 +  124.64s] anim 2020300 -> 2202050
[09:32:57 +  124.94s] anim 2202050 -> 202490
[09:32:58 +  125.45s] anim 202490 -> 2020300
[09:33:01 +  128.73s] anim 2020300 -> 2022300
[09:33:01 +  128.88s] anim 2022300 -> 2020000
[09:33:01 +  128.98s] anim 2020000 -> 2020100
[09:33:02 +  129.18s] anim 2020100 -> 270030000
[09:33:02 +  129.49s] no_dead -> 0
[09:33:02 +  130.04s] anim 270030000 -> 270030010
[09:33:03 +  130.80s] anim 270030010 -> 270030020
[09:33:04 +  132.12s] anim 270030020 -> 2020100
[09:33:05 +  132.32s] anim 2020100 -> 2020310
[09:33:05 +  132.87s] anim 2020310 -> 2020300
[09:33:05 +  133.03s] anim 2020300 -> 2022300
[09:33:05 +  133.18s] anim 2022300 -> 2020000
[09:33:06 +  133.28s] anim 2020000 -> 2020100
[09:33:07 +  134.60s] anim 2020100 -> 270030000
[09:33:08 +  135.45s] anim 270030000 -> 270030010
[09:33:09 +  136.21s] anim 270030010 -> 270030020
[09:33:10 +  137.58s] anim 270030020 -> 2020100
[09:33:15 +  142.57s] anim 2020100 -> 270030000
[09:33:16 +  143.43s] anim 270030000 -> 270030010
[09:33:17 +  144.74s] anim 270030010 -> 2020100
[09:33:18 +  145.30s] anim 2020100 -> 270030000
[09:33:19 +  146.31s] anim 270030000 -> 270030010
[09:33:20 +  147.52s] anim 270030010 -> 2020100
[09:33:20 +  147.57s] anim 2020100 -> 270030010
[09:33:20 +  147.62s] anim 270030010 -> 2020100
[09:33:21 +  149.14s] anim 2020100 -> 2022100
[09:33:22 +  149.34s] hp 240 -> 202 / 240
[09:33:22 +  149.39s] anim 2022100 -> 5103
[09:33:22 +  149.64s] hp 202 -> 154 / 240
[09:33:22 +  149.69s] anim 5103 -> 5101
[09:33:23 +  151.16s] anim 5101 -> 2000000
[09:33:24 +  151.92s] hp 154 -> 118 / 240
[09:33:24 +  151.97s] anim 2000000 -> 5102
[09:33:25 +  152.47s] hp 118 -> 82 / 240
[09:33:25 +  152.52s] anim 5102 -> 5101
[09:33:25 +  152.93s] hp 82 -> 46 / 240
[09:33:25 +  152.98s] anim 5101 -> 5102
[09:33:25 +  153.18s] hp 46 -> 10 / 240
[09:33:26 +  153.23s] anim 5102 -> 5101
[09:33:26 +  153.64s] anim 5101 -> 27301
[09:33:27 +  154.95s] anim 27301 -> 2020100
[09:33:28 +  155.91s] anim 2020100 -> 2022100
[09:33:29 +  156.61s] hp 10 -> 0 / 240   <<< HP HIT 0
[09:33:29 +  157.17s] anim 2022100 -> 17022
[09:33:33 +  160.50s] no_dead -> 1
[09:33:33 +  161.16s] anim 17022 -> 18022
[09:33:38 +  165.60s] hp 0 -> 240 / 240   >>> HP BACK ABOVE 0
[09:33:40 +  167.37s] anim 18022 -> 0
[09:33:40 +  167.42s] anim 0 -> 63000
[09:33:42 +  169.74s] anim 63000 -> 2000000
[09:33:43 +  170.85s] anim 2000000 -> 2020100
[09:33:44 +  171.36s] anim 2020100 -> 2020310
[09:33:44 +  171.81s] anim 2020310 -> 2020300
[09:33:46 +  173.78s] anim 2020300 -> 2022300
[09:33:46 +  173.99s] anim 2022300 -> 2020300
[09:33:46 +  174.04s] anim 2020300 -> 2020100
[09:33:46 +  174.09s] anim 2020100 -> 27100
[09:33:47 +  174.79s] anim 27100 -> 2020100
[09:33:47 +  174.85s] anim 2020100 -> 27100
[09:33:47 +  174.90s] anim 27100 -> 2020100
[09:33:48 +  175.20s] no_dead -> 0
[09:33:50 +  177.37s] anim 2020100 -> 2022100
[09:33:50 +  177.42s] anim 2022100 -> 270030000
[09:33:51 +  178.28s] anim 270030000 -> 270030010
[09:33:51 +  179.04s] anim 270030010 -> 270030020
[09:33:52 +  179.34s] no_dead -> 1
[09:33:54 +  181.36s] anim 270030020 -> 2000000
[09:33:54 +  181.87s] anim 2000000 -> 2020100
[09:33:55 +  182.42s] anim 2020100 -> 27100
[09:33:56 +  183.28s] anim 27100 -> 2020100
[09:34:01 +  188.38s] anim 2020100 -> 2022100
[09:34:01 +  188.53s] anim 2022100 -> 2020000
[09:34:01 +  188.63s] anim 2020000 -> 2020100
[09:34:01 +  188.89s] anim 2020100 -> 2020000
[09:34:01 +  188.94s] anim 2020000 -> 2022100
[09:34:02 +  189.90s] anim 2022100 -> 2020100
[09:34:09 +  196.46s] anim 2020100 -> 2020310
[09:34:09 +  196.97s] anim 2020310 -> 2020300
[09:34:14 +  201.31s] anim 2020300 -> 2020000
[09:34:14 +  201.41s] anim 2020000 -> 2022300
[09:34:14 +  201.66s] anim 2022300 -> 2020100
[09:34:15 +  202.47s] anim 2020100 -> 2020000
[09:34:15 +  202.52s] anim 2020000 -> 2022100
[09:34:16 +  203.58s] hp 240 -> 168 / 240
[09:34:16 +  203.63s] no_dead -> 0
[09:34:16 +  203.63s] anim 2022100 -> 5203
[09:34:17 +  204.89s] hp 168 -> 96 / 240
[09:34:17 +  204.94s] anim 5203 -> 5204
[09:34:20 +  207.22s] anim 5204 -> 2000000
[09:34:20 +  207.27s] hp 96 -> 43 / 240
[09:34:20 +  207.32s] anim 2000000 -> 5102
[09:34:21 +  208.43s] anim 5102 -> 27301
[09:34:22 +  209.44s] anim 27301 -> 2020100
[09:34:23 +  210.40s] anim 2020100 -> 2022100
[09:34:24 +  211.51s] hp 43 -> 0 / 240   <<< HP HIT 0
[09:34:24 +  211.66s] anim 2022100 -> 2000000
[09:34:24 +  212.01s] anim 2000000 -> 17002
[09:34:30 +  217.57s] no_dead -> 1
[09:34:31 +  218.73s] anim 17002 -> 18002
[09:34:35 +  222.62s] hp 0 -> 240 / 240   >>> HP BACK ABOVE 0
[09:34:37 +  224.99s] anim 18002 -> 0
[09:34:37 +  225.04s] anim 0 -> 63000
[09:34:40 +  227.32s] anim 63000 -> 2000000
[09:34:41 +  228.68s] anim 2000000 -> 2020100
[09:34:43 +  230.30s] anim 2020100 -> 2022100
[09:34:44 +  231.56s] anim 2022100 -> 2000000
[09:34:56 +  243.28s] anim 2000000 -> 2000009
[09:34:56 +  243.33s] anim 2000009 -> 2020100
[09:34:57 +  244.39s] anim 2020100 -> 2022100
[09:34:58 +  245.66s] anim 2022100 -> 2000000
[09:35:02 +  250.05s] anim 2000000 -> 2000009
[09:35:02 +  250.10s] anim 2000009 -> 2000000
[09:35:30 +  278.03s] anim 2000000 -> 2020100
[09:35:31 +  278.64s] anim 2020100 -> 2020000
[09:35:31 +  278.69s] anim 2020000 -> 2022100
[09:35:32 +  279.85s] anim 2022100 -> 60071
[09:35:33 +  280.41s] anim 60071 -> 2020100
[09:35:34 +  281.37s] anim 2020100 -> 2020310
[09:35:34 +  281.87s] anim 2020310 -> 2020300
[09:35:36 +  283.64s] anim 2020300 -> 2020000
[09:35:36 +  283.74s] anim 2020000 -> 2022300
[09:35:36 +  283.79s] no_dead -> 0
[09:35:37 +  285.05s] hp 240 -> 177 / 240
[09:35:37 +  285.10s] anim 2022300 -> 5200
[09:35:40 +  287.32s] anim 5200 -> 2000000
[09:35:40 +  287.98s] hp 177 -> 110 / 240
[09:35:40 +  288.03s] anim 2000000 -> 5100
[09:35:42 +  289.44s] anim 5100 -> 2000000
[09:35:43 +  290.61s] hp 110 -> 57 / 240
[09:35:43 +  290.66s] anim 2000000 -> 5102
[09:35:44 +  291.77s] anim 5102 -> 27301
[09:35:45 +  292.88s] ===== MARK =====  hp=57/240 anim=27301
[09:35:46 +  293.74s] anim 27301 -> 2000000
[09:35:46 +  293.79s] anim 2000000 -> 2020100
[09:35:47 +  294.44s] anim 2020100 -> 2022100
[09:35:48 +  295.25s] hp 57 -> 0 / 240   <<< HP HIT 0
[09:35:48 +  295.76s] anim 2022100 -> 17002
[09:35:54 +  301.31s] no_dead -> 1
[09:35:55 +  302.47s] anim 17002 -> 18002
[09:35:59 +  306.36s] hp 0 -> 240 / 240   >>> HP BACK ABOVE 0
[09:36:01 +  308.93s] anim 18002 -> 63000
[09:36:04 +  311.26s] anim 63000 -> 2000000
[09:36:20 +  327.87s] anim 2000000 -> 2000009
[09:36:20 +  327.92s] anim 2000009 -> 2000000
[09:37:09 +  377.15s] no_dead -> 0
[09:37:53 +  420.74s] anim 2000000 -> 2020100
[09:37:54 +  421.59s] anim 2020100 -> 2022100
[09:37:55 +  422.81s] anim 2022100 -> 2000000
[09:38:02 +  429.47s] anim 2000000 -> 2020100
[09:38:02 +  429.52s] hp 240 -> 0 / 240   <<< HP HIT 0
[09:38:02 +  430.03s] anim 2020100 -> 17002
[09:38:09 +  436.69s] anim 17002 -> 18002
[09:38:13 +  440.64s] hp 0 -> 240 / 240   >>> HP BACK ABOVE 0
[09:38:14 +  441.19s] anim 18002 -> 63000
[09:38:16 +  443.51s] anim 63000 -> 2000000
[09:38:27 +  454.68s] anim 2000000 -> 2020100
[09:38:32 +  459.22s] anim 2020100 -> 2022100
[09:38:33 +  460.48s] anim 2022100 -> 2000000
[09:38:36 +  463.21s] anim 2000000 -> 2020100
[09:38:36 +  463.61s] anim 2020100 -> 27100
[09:38:37 +  464.37s] anim 27100 -> 2020100
[09:38:37 +  464.47s] anim 2020100 -> 2020310
[09:38:37 +  464.98s] anim 2020310 -> 2020300
[09:38:47 +  474.67s] anim 2020300 -> 2202050
[09:38:48 +  475.58s] anim 2202050 -> 25031070
[09:38:48 +  475.73s] anim 25031070 -> 25031071
[09:38:49 +  476.69s] anim 25031071 -> 2020100
[09:38:49 +  476.79s] anim 2020100 -> 2000009
[09:38:49 +  476.84s] anim 2000009 -> 2020100
[09:38:50 +  477.95s] anim 2020100 -> 27100
[09:38:51 +  478.66s] anim 27100 -> 2020310
[09:38:52 +  479.22s] anim 2020310 -> 2020300
[09:38:54 +  481.19s] anim 2020300 -> 2202050
[09:38:54 +  482.00s] anim 2202050 -> 2202155
[09:38:55 +  482.86s] anim 2202155 -> 2020300
[09:38:56 +  484.17s] anim 2020300 -> 2202050
[09:38:57 +  484.98s] anim 2202050 -> 25031070
[09:38:57 +  485.03s] anim 25031070 -> 25031071
[09:38:58 +  486.14s] anim 25031071 -> 2020100
[09:38:59 +  486.39s] anim 2020100 -> 2022100
[09:38:59 +  486.54s] anim 2022100 -> 2020000
[09:38:59 +  486.64s] anim 2020000 -> 2020100
[09:39:00 +  488.11s] anim 2020100 -> 2022100
[09:39:02 +  489.37s] anim 2022100 -> 2000000
[09:39:09 +  497.10s] anim 2000000 -> 27301
[09:39:10 +  498.01s] anim 27301 -> 2020100
[09:39:11 +  498.36s] anim 2020100 -> 27100
[09:39:11 +  499.17s] anim 27100 -> 2020310
[09:39:12 +  499.73s] anim 2020310 -> 2020300
[09:39:22 +  509.43s] anim 2020300 -> 2020000
[09:39:22 +  509.53s] anim 2020000 -> 2022300
[09:39:24 +  511.50s] anim 2022300 -> 2000000
[09:39:39 +  526.59s] anim 2000000 -> 2020100
[09:39:39 +  526.95s] anim 2020100 -> 2020310
[09:39:40 +  527.45s] anim 2020310 -> 2020300
[09:39:44 +  531.74s] anim 2020300 -> 2202050
[09:39:45 +  532.50s] anim 2202050 -> 2202155
[09:39:45 +  532.86s] anim 2202155 -> 2022300
[09:39:47 +  534.83s] anim 2022300 -> 2000000
[09:39:54 +  541.85s] anim 2000000 -> 2020100
[09:39:56 +  543.47s] anim 2020100 -> 2020310
[09:39:56 +  544.02s] anim 2020310 -> 2022300
[09:39:57 +  544.38s] anim 2022300 -> 2020100
[09:39:57 +  544.98s] anim 2020100 -> 2022100
[09:39:57 +  545.08s] anim 2022100 -> 2020000
[09:39:58 +  545.18s] anim 2020000 -> 2020100
[09:39:58 +  545.74s] anim 2020100 -> 2022100
[09:39:59 +  546.30s] anim 2022100 -> 2020100
[09:40:00 +  547.91s] anim 2020100 -> 2020310
[09:40:01 +  548.32s] anim 2020310 -> 2022300
[09:40:01 +  548.72s] anim 2022300 -> 2020100
[09:40:01 +  549.03s] anim 2020100 -> 2022100
[09:40:02 +  549.23s] anim 2022100 -> 2020100
[09:40:02 +  549.28s] anim 2020100 -> 2000000
[09:40:02 +  549.48s] anim 2000000 -> 2020000
[09:40:02 +  549.53s] anim 2020000 -> 2020100
[09:40:02 +  549.98s] anim 2020100 -> 2022100
[09:40:03 +  550.24s] anim 2022100 -> 2020100
[09:40:03 +  550.69s] anim 2020100 -> 2022100
[09:40:04 +  551.80s] anim 2022100 -> 2020100
[09:40:07 +  555.03s] anim 2020100 -> 2022100
[09:40:08 +  555.29s] hp 240 -> 0 / 240   <<< HP HIT 0
[09:40:08 +  555.79s] anim 2022100 -> 17002
[09:40:10 +  557.51s] no_dead -> 1
[09:40:15 +  562.46s] anim 17002 -> 18002
[09:40:19 +  566.40s] hp 0 -> 240 / 240   >>> HP BACK ABOVE 0
[09:40:21 +  568.62s] anim 18002 -> 63000
[09:40:23 +  570.95s] anim 63000 -> 2000000
[09:40:42 +  589.95s] anim 2000000 -> 2020100
[09:40:43 +  590.45s] anim 2020100 -> 27100
[09:40:43 +  591.16s] anim 27100 -> 2020100
[09:40:44 +  591.21s] anim 2020100 -> 27100
[09:40:44 +  591.26s] anim 27100 -> 2020100
[09:40:46 +  593.38s] anim 2020100 -> 2022100
[09:40:47 +  594.60s] anim 2022100 -> 2000000
[09:40:54 +  601.37s] anim 2000000 -> 2020100
[09:40:55 +  602.58s] anim 2020100 -> 2020310
[09:40:55 +  603.14s] anim 2020310 -> 2020300
[09:41:02 +  610.11s] anim 2020300 -> 2020000
[09:41:03 +  610.21s] anim 2020000 -> 2022300
[09:41:04 +  612.13s] anim 2022300 -> 2000000
[09:41:05 +  612.53s] anim 2000000 -> 2020100
[09:41:05 +  613.14s] anim 2020100 -> 2020000
[09:41:06 +  613.19s] anim 2020000 -> 2022100
[09:41:07 +  614.45s] anim 2022100 -> 2000000
[09:41:08 +  615.21s] anim 2000000 -> 2020100
[09:41:08 +  616.02s] anim 2020100 -> 2020000
[09:41:08 +  616.07s] anim 2020000 -> 2022100
[09:41:10 +  617.28s] anim 2022100 -> 2000000
[09:41:12 +  619.86s] hp 240 -> 0 / 240   <<< HP HIT 0
[09:41:13 +  620.37s] anim 2000000 -> 17002
[09:41:19 +  627.09s] anim 17002 -> 18002
[09:41:23 +  631.04s] hp 0 -> 240 / 240   >>> HP BACK ABOVE 0
[09:41:26 +  633.82s] anim 18002 -> 63000
[09:41:28 +  636.14s] anim 63000 -> 2000000
[09:42:05 +  672.57s] anim 2000000 -> 2020100
[09:42:05 +  673.02s] anim 2020100 -> 27100
[09:42:06 +  673.83s] anim 27100 -> 2020100
[09:42:06 +  673.93s] anim 2020100 -> 2020310
[09:42:07 +  674.39s] anim 2020310 -> 2020300
[09:42:19 +  686.63s] anim 2020300 -> 2202050
[09:42:20 +  687.34s] anim 2202050 -> 2202155
[09:42:21 +  688.20s] anim 2202155 -> 2020300
[09:42:24 +  691.89s] anim 2020300 -> 2020000
[09:42:24 +  691.99s] anim 2020000 -> 2022300
[09:42:26 +  693.76s] anim 2022300 -> 2020100
[09:42:26 +  694.02s] anim 2020100 -> 2020310
[09:42:27 +  694.52s] anim 2020310 -> 2020300
[09:42:33 +  700.39s] anim 2020300 -> 2000009
[09:42:33 +  700.44s] anim 2000009 -> 2020300
[09:42:36 +  703.26s] anim 2020300 -> 2020000
[09:42:36 +  703.36s] anim 2020000 -> 2022300
[09:42:37 +  704.73s] anim 2022300 -> 2020100
[09:42:38 +  705.54s] anim 2020100 -> 2022100
[09:42:39 +  706.80s] anim 2022100 -> 2000000
[09:43:13 +  740.33s] anim 2000000 -> 2000009
[09:43:13 +  740.39s] anim 2000009 -> 2000000
[09:43:40 +  767.50s] no_dead -> 0
[09:44:09 +  797.05s] hp 240 -> 206 / 240
[09:44:10 +  798.06s] hp 206 -> 172 / 240
[09:44:11 +  799.02s] hp 172 -> 138 / 240
[09:44:12 +  800.03s] hp 138 -> 104 / 240
[09:44:13 +  801.04s] hp 104 -> 70 / 240
[09:44:14 +  802.05s] hp 70 -> 36 / 240
[09:44:15 +  803.06s] hp 36 -> 2 / 240
[09:44:16 +  804.07s] hp 2 -> 0 / 240   <<< HP HIT 0
[09:44:17 +  804.57s] anim 2000000 -> 17002
[09:44:24 +  811.24s] anim 17002 -> 18002
[09:44:28 +  815.18s] hp 0 -> 240 / 240   >>> HP BACK ABOVE 0
[09:44:30 +  818.06s] anim 18002 -> 63000
[09:44:33 +  820.39s] anim 63000 -> 2000000
[09:44:39 +  826.45s] anim 2000000 -> 2020100
[09:44:39 +  826.96s] anim 2020100 -> 2020310
[09:44:40 +  827.46s] anim 2020310 -> 2020300
[09:44:41 +  828.22s] anim 2020300 -> 2000009
[09:44:41 +  828.27s] anim 2000009 -> 2020300
[09:44:44 +  831.71s] anim 2020300 -> 2202050
[09:44:45 +  832.61s] anim 2202050 -> 2202040
[09:44:45 +  832.82s] anim 2202040 -> 2202156
[09:44:45 +  833.12s] anim 2202156 -> 2202050
[09:44:46 +  834.13s] anim 2202050 -> 2202040
[09:44:47 +  834.28s] anim 2202040 -> 2202156
[09:44:47 +  834.78s] anim 2202156 -> 2004050
[09:44:47 +  834.89s] anim 2004050 -> 2020300
[09:44:52 +  840.14s] anim 2020300 -> 2202050
[09:44:53 +  840.85s] anim 2202050 -> 2202155
[09:44:54 +  841.71s] anim 2202155 -> 2020300
[09:44:54 +  842.01s] anim 2020300 -> 202071
[09:44:58 +  845.55s] anim 202071 -> 202400
[09:44:58 +  845.60s] anim 202400 -> 202420
[09:44:58 +  846.00s] anim 202420 -> 202470
[09:44:58 +  846.10s] anim 202470 -> 202471
[09:44:59 +  846.76s] anim 202471 -> 2020100
[09:45:00 +  847.21s] anim 2020100 -> 2020310
[09:45:00 +  847.72s] anim 2020310 -> 2020300
[09:45:07 +  854.39s] anim 2020300 -> 2202050
[09:45:07 +  854.79s] anim 2202050 -> 202490
[09:45:08 +  855.29s] anim 202490 -> 2020300
[09:45:08 +  856.10s] anim 2020300 -> 2202050
[09:45:09 +  856.40s] anim 2202050 -> 202470
[09:45:09 +  856.51s] anim 202470 -> 202471
[09:45:09 +  857.16s] anim 202471 -> 2020300
[09:45:11 +  858.48s] anim 2020300 -> 27100
[09:45:12 +  859.23s] anim 27100 -> 2020100
[09:45:12 +  859.28s] anim 2020100 -> 2020310
[09:45:12 +  859.79s] anim 2020310 -> 2020300
[09:45:19 +  866.96s] anim 2020300 -> 2000009
[09:45:19 +  867.01s] anim 2000009 -> 2020300
[09:45:21 +  868.63s] anim 2020300 -> 2202050
[09:45:22 +  869.34s] anim 2202050 -> 2202155
[09:45:22 +  869.94s] anim 2202155 -> 2202050
[09:45:23 +  870.90s] anim 2202050 -> 2202040
[09:45:23 +  871.16s] anim 2202040 -> 2202156
[09:45:24 +  872.01s] anim 2202156 -> 2020300
[09:45:26 +  873.53s] anim 2020300 -> 2004050
[09:45:26 +  874.03s] anim 2004050 -> 2202115
[09:45:27 +  874.39s] anim 2202115 -> 2020300
[09:45:27 +  875.14s] anim 2020300 -> 202071
[09:45:31 +  878.68s] anim 202071 -> 202080
[09:45:32 +  879.74s] anim 202080 -> 2202110
[09:45:33 +  880.70s] anim 2202110 -> 2000000
[09:45:40 +  887.82s] anim 2000000 -> 2020100
[09:45:40 +  888.08s] anim 2020100 -> 2020000
[09:45:40 +  888.13s] anim 2020000 -> 2000000
[09:45:41 +  888.28s] anim 2000000 -> 2020000
[09:45:41 +  888.33s] anim 2020000 -> 2020100
[09:45:43 +  891.01s] anim 2020100 -> 2020310
[09:45:44 +  891.51s] anim 2020310 -> 2020300
[09:45:52 +  899.49s] anim 2020300 -> 2020000
[09:45:52 +  899.59s] anim 2020000 -> 2022300
[09:45:52 +  900.10s] anim 2022300 -> 2020100
[09:45:53 +  900.45s] anim 2020100 -> 2020310
[09:45:53 +  900.96s] anim 2020310 -> 2020300
[09:45:58 +  905.46s] anim 2020300 -> 2020000
[09:45:58 +  905.51s] anim 2020000 -> 2022300
[09:45:58 +  905.76s] anim 2022300 -> 2020100
[09:45:58 +  905.81s] phase -> 1
[09:45:58 +  906.16s] anim 2020100 -> 2020310
[09:45:59 +  906.67s] anim 2020310 -> 2020300
[09:46:28 +  935.77s] anim 2020300 -> 2020000
[09:46:28 +  935.82s] anim 2020000 -> 2022300
[09:46:28 +  936.02s] anim 2022300 -> 2020000
[09:46:28 +  936.07s] anim 2020000 -> 2020100
[09:46:30 +  937.18s] anim 2020100 -> 270030000
[09:46:30 +  938.04s] anim 270030000 -> 270030010
[09:46:31 +  938.75s] anim 270030010 -> 270030020
[09:46:32 +  939.71s] anim 270030020 -> 270030030
[09:46:34 +  941.28s] anim 270030030 -> 2020100
[09:46:37 +  944.31s] hp 240 -> 151 / 240
[09:46:37 +  944.31s] anim 2020100 -> 270030000
[09:46:37 +  944.36s] anim 270030000 -> 10002
[09:46:37 +  944.86s] anim 10002 -> 270030000
[09:46:38 +  945.21s] anim 270030000 -> 270030010
[09:46:38 +  945.37s] hp 151 -> 62 / 240
[09:46:38 +  945.42s] anim 270030010 -> 10000
[09:46:38 +  945.97s] anim 10000 -> 270030010
[09:46:39 +  946.43s] anim 270030010 -> 270030020
[09:46:40 +  947.64s] anim 270030020 -> 270030000
[09:46:41 +  949.05s] anim 270030000 -> 2000000
[09:46:41 +  949.15s] anim 2000000 -> 2020000
[09:46:42 +  949.20s] anim 2020000 -> 2020100
[09:46:43 +  950.87s] anim 2020100 -> 270031700
[09:46:48 +  955.57s] anim 270031700 -> 900500000
[09:46:48 +  955.92s] anim 900500000 -> 900500010
[09:46:49 +  956.28s] anim 900500010 -> 900500015
[09:46:49 +  957.13s] anim 900500015 -> 2029100
[09:46:50 +  957.29s] anim 2029100 -> 2020100
[09:46:50 +  957.34s] anim 2020100 -> 2029100
[09:46:50 +  957.69s] anim 2029100 -> 2020100
[09:46:52 +  959.51s] anim 2020100 -> 270030000
[09:46:52 +  959.56s] anim 270030000 -> 2020100
[09:46:52 +  959.71s] anim 2020100 -> 270030000
[09:46:52 +  960.06s] anim 270030000 -> 27301
[09:46:54 +  961.38s] anim 27301 -> 2020000
[09:46:54 +  961.53s] anim 2020000 -> 2020100
[09:46:55 +  962.34s] hp 62 -> 9 / 240
[09:46:55 +  962.39s] anim 2020100 -> 5110
[09:46:56 +  963.86s] anim 5110 -> 2000000
[09:46:57 +  964.41s] anim 2000000 -> 2020100
[09:46:57 +  964.87s] hp 9 -> 0 / 240   <<< HP HIT 0
[09:46:57 +  965.02s] no_dead -> 1
[09:46:57 +  965.17s] anim 2020100 -> 17342
[09:47:00 +  967.75s] anim 17342 -> 70020
[09:47:03 +  970.48s] hp 0 -> 120 / 240   >>> HP BACK ABOVE 0
[09:47:03 +  970.68s] anim 70020 -> 18300
[09:47:03 +  970.98s] hp 120 -> 133 / 240
[09:47:03 +  970.98s] anim 18300 -> 17650
[09:47:04 +  971.49s] hp 133 -> 146 / 240
[09:47:04 +  971.94s] hp 146 -> 159 / 240
[09:47:05 +  972.50s] hp 159 -> 172 / 240
[09:47:05 +  972.95s] hp 172 -> 185 / 240
[09:47:06 +  973.46s] hp 185 -> 198 / 240
[09:47:06 +  973.96s] hp 198 -> 211 / 240
[09:47:07 +  974.47s] hp 211 -> 224 / 240
[09:47:07 +  974.47s] anim 17650 -> 2000000
[09:47:07 +  974.97s] hp 224 -> 237 / 240
[09:47:08 +  975.33s] anim 2000000 -> 2020100
[09:47:08 +  975.48s] hp 237 -> 240 / 240
[09:47:08 +  975.83s] anim 2020100 -> 2020310
[09:47:09 +  976.34s] anim 2020310 -> 2020300
[09:47:18 +  985.43s] anim 2020300 -> 2000009
[09:47:18 +  985.48s] anim 2000009 -> 2020300
[09:47:25 +  992.71s] anim 2020300 -> 2000009
[09:47:25 +  992.76s] anim 2000009 -> 2020300
[09:47:29 +  996.84s] anim 2020300 -> 2000009
[09:47:29 +  996.90s] anim 2000009 -> 2020300
[09:47:38 + 1005.33s] anim 2020300 -> 2020000
[09:47:38 + 1005.43s] anim 2020000 -> 2022300
[09:47:40 + 1007.40s] anim 2022300 -> 2000000
[09:47:50 + 1018.00s] anim 2000000 -> 2020100
[09:47:51 + 1018.45s] anim 2020100 -> 27100
[09:47:52 + 1019.26s] anim 27100 -> 2020100
[09:47:52 + 1019.67s] anim 2020100 -> 2020310
[09:47:52 + 1020.17s] anim 2020310 -> 2020300
[09:48:00 + 1027.91s] no_dead -> 0
[09:48:04 + 1032.15s] anim 2020300 -> 2020200
[09:48:05 + 1032.20s] anim 2020200 -> 2020100
[09:48:10 + 1038.16s] anim 2020100 -> 2020000
[09:48:11 + 1038.21s] anim 2020000 -> 2022100
[09:48:12 + 1039.42s] anim 2022100 -> 2000000
[09:48:13 + 1040.48s] anim 2000000 -> 2020100
[09:48:14 + 1041.74s] anim 2020100 -> 2020310
[09:48:15 + 1042.25s] anim 2020310 -> 2020300
[09:48:16 + 1043.61s] anim 2020300 -> 2020200
[09:48:16 + 1043.66s] anim 2020200 -> 2020100
[09:48:25 + 1052.70s] hp 240 -> 187 / 240
[09:48:25 + 1052.75s] anim 2020100 -> 5120
[09:48:26 + 1053.41s] anim 5120 -> 2020100
[09:48:26 + 1053.97s] anim 2020100 -> 2020000
[09:48:26 + 1054.02s] anim 2020000 -> 2022100
[09:48:27 + 1054.52s] hp 187 -> 125 / 240
[09:48:27 + 1054.57s] anim 2022100 -> 5120
[09:48:28 + 1056.04s] anim 5120 -> 2000000
[09:48:35 + 1063.16s] hp 125 -> 67 / 240
[09:48:36 + 1063.21s] anim 2000000 -> 5111
[09:48:37 + 1064.63s] anim 5111 -> 2000000
[09:48:46 + 1073.66s] hp 67 -> 5 / 240
[09:48:46 + 1073.71s] anim 2000000 -> 5110
[09:48:47 + 1075.18s] anim 5110 -> 2000000
[09:48:51 + 1079.17s] hp 5 -> 0 / 240   <<< HP HIT 0
[09:48:52 + 1079.48s] anim 2000000 -> 17302
[09:48:56 + 1084.07s] hp 0 -> 120 / 240   >>> HP BACK ABOVE 0
[09:48:57 + 1084.28s] anim 17302 -> 18300
[09:48:57 + 1084.58s] hp 120 -> 133 / 240
[09:48:57 + 1084.58s] anim 18300 -> 17650
[09:48:57 + 1085.09s] hp 133 -> 146 / 240
[09:48:58 + 1085.59s] hp 146 -> 159 / 240
[09:48:58 + 1086.10s] hp 159 -> 172 / 240
[09:48:59 + 1086.60s] hp 172 -> 185 / 240
[09:48:59 + 1087.11s] hp 185 -> 198 / 240
[09:49:00 + 1087.61s] hp 198 -> 211 / 240
[09:49:00 + 1088.12s] hp 211 -> 224 / 240
[09:49:00 + 1088.12s] anim 17650 -> 2000000
[09:49:01 + 1088.57s] hp 224 -> 44 / 240
[09:49:01 + 1088.62s] anim 2000000 -> 5102
[09:49:01 + 1088.83s] hp 44 -> 0 / 240   <<< HP HIT 0
[09:49:01 + 1088.83s] anim 5102 -> 5122
[09:49:02 + 1089.38s] anim 5122 -> 17002
[09:49:08 + 1095.49s] anim 17002 -> 18002
[09:49:08 + 1095.54s] anim 18002 -> 17002
[09:49:08 + 1096.00s] anim 17002 -> 18002
[09:49:11 + 1098.42s] hub -> True
[09:49:11 + 1098.52s] ins -> 0
[09:49:11 + 1098.52s] no_dead -> None
[09:49:11 + 1098.52s] hp 0 -> None / None
[09:49:11 + 1098.52s] anim 18002 -> None
[09:49:11 + 1098.72s] ins -> None
